07-11-2019 16:18:45 INFO  Main:42 - Bla bla bla
07-11-2019 16:18:45 DEBUG Main:43 - Bla bla bla
07-11-2019 16:18:57 INFO  Main:42 - Bla bla bla
07-11-2019 16:18:57 DEBUG Main:43 - Bla bla bla
07-11-2019 16:41:17 INFO  Main:42 - Bla bla bla
07-11-2019 16:41:17 DEBUG Main:43 - Bla bla bla
07-11-2019 16:41:25 INFO  Main:42 - Bla bla bla
07-11-2019 16:41:25 DEBUG Main:43 - Bla bla bla
07-11-2019 16:43:40 INFO  Main:42 - Bla bla bla
07-11-2019 16:43:40 DEBUG Main:43 - Bla bla bla
